[0m12:32:18.484064 [debug] [MainThread]: Sending event: {'category': 'dbt', 'action': 'invocation', 'label': 'start', 'context': [<snowplow_tracker.self_describing_json.SelfDescribingJson object at 0xffff936839a0>, <snowplow_tracker.self_describing_json.SelfDescribingJson object at 0xffff92414550>, <snowplow_tracker.self_describing_json.SelfDescribingJson object at 0xffff924144f0>]}


============================== 12:32:18.489342 | ae90549c-6bc2-46d3-b1e0-ecfb0dea5d5e ==============================
[0m12:32:18.489342 [info ] [MainThread]: Running with dbt=1.11.0-b4
[0m12:32:18.489790 [debug] [MainThread]: running dbt with arguments {'partial_parse': 'True', 'use_experimental_parser': 'False', 'invocation_command': 'dbt debug', 'indirect_selection': 'eager', 'static_parser': 'True', 'introspect': 'True', 'use_colors': 'True', 'warn_error': 'None', 'printer_width': '80', 'warn_error_options': 'WarnErrorOptionsV2(error=[], warn=[], silence=[])', 'empty': 'None', 'debug': 'False', 'no_print': 'None', 'write_json': 'True', 'log_path': 'logs', 'version_check': 'True', 'quiet': 'False', 'target_path': 'None', 'profiles_dir': '/root/.dbt', 'cache_selected_only': 'False', 'fail_fast': 'False', 'send_anonymous_usage_stats': 'True', 'log_format': 'default', 'log_cache_events': 'False'}
[0m12:32:18.502843 [info ] [MainThread]: dbt version: 1.11.0-b4
[0m12:32:18.503318 [info ] [MainThread]: python version: 3.10.19
[0m12:32:18.503663 [info ] [MainThread]: python path: /usr/local/bin/python3.10
[0m12:32:18.504843 [info ] [MainThread]: os info: Linux-6.12.54-linuxkit-aarch64-with-glibc2.41
[0m12:32:21.140746 [info ] [MainThread]: Using profiles dir at /root/.dbt
[0m12:32:21.141380 [info ] [MainThread]: Using profiles.yml file at /root/.dbt/profiles.yml
[0m12:32:21.141762 [info ] [MainThread]: Using dbt_project.yml file at /root/.dbt/dbt_project.yml
[0m12:32:21.142079 [info ] [MainThread]: adapter type: bigquery
[0m12:32:21.142387 [info ] [MainThread]: adapter version: 1.10.3
[0m12:32:21.142759 [info ] [MainThread]: Configuration:
[0m12:32:21.143045 [info ] [MainThread]:   profiles.yml file [[32mOK found and valid[0m]
[0m12:32:21.143346 [info ] [MainThread]:   dbt_project.yml file [[31mERROR not found[0m]
[0m12:32:21.143595 [info ] [MainThread]: Required dependencies:
[0m12:32:21.143897 [debug] [MainThread]: Executing "git --help"
[0m12:32:21.146378 [debug] [MainThread]: STDOUT: "b"usage: git [-v | --version] [-h | --help] [-C <path>] [-c <name>=<value>]\n           [--exec-path[=<path>]] [--html-path] [--man-path] [--info-path]\n           [-p | --paginate | -P | --no-pager] [--no-replace-objects] [--no-lazy-fetch]\n           [--no-optional-locks] [--no-advice] [--bare] [--git-dir=<path>]\n           [--work-tree=<path>] [--namespace=<name>] [--config-env=<name>=<envvar>]\n           <command> [<args>]\n\nThese are common Git commands used in various situations:\n\nstart a working area (see also: git help tutorial)\n   clone     Clone a repository into a new directory\n   init      Create an empty Git repository or reinitialize an existing one\n\nwork on the current change (see also: git help everyday)\n   add       Add file contents to the index\n   mv        Move or rename a file, a directory, or a symlink\n   restore   Restore working tree files\n   rm        Remove files from the working tree and from the index\n\nexamine the history and state (see also: git help revisions)\n   bisect    Use binary search to find the commit that introduced a bug\n   diff      Show changes between commits, commit and working tree, etc\n   grep      Print lines matching a pattern\n   log       Show commit logs\n   show      Show various types of objects\n   status    Show the working tree status\n\ngrow, mark and tweak your common history\n   branch    List, create, or delete branches\n   commit    Record changes to the repository\n   merge     Join two or more development histories together\n   rebase    Reapply commits on top of another base tip\n   reset     Reset current HEAD to the specified state\n   switch    Switch branches\n   tag       Create, list, delete or verify a tag object signed with GPG\n\ncollaborate (see also: git help workflows)\n   fetch     Download objects and refs from another repository\n   pull      Fetch from and integrate with another repository or a local branch\n   push      Update remote refs along with associated objects\n\n'git help -a' and 'git help -g' list available subcommands and some\nconcept guides. See 'git help <command>' or 'git help <concept>'\nto read about a specific subcommand or concept.\nSee 'git help git' for an overview of the system.\n""
[0m12:32:21.146792 [debug] [MainThread]: STDERR: "b''"
[0m12:32:21.147134 [info ] [MainThread]:  - git [[32mOK found[0m]

[0m12:32:21.147496 [info ] [MainThread]: Connection:
[0m12:32:21.147843 [info ] [MainThread]:   method: service-account
[0m12:32:21.148144 [info ] [MainThread]:   database: intrepid-nova-477712-i7
[0m12:32:21.148424 [info ] [MainThread]:   execution_project: intrepid-nova-477712-i7
[0m12:32:21.148648 [info ] [MainThread]:   schema: my_dbt_project
[0m12:32:21.148903 [info ] [MainThread]:   location: None
[0m12:32:21.149186 [info ] [MainThread]:   priority: None
[0m12:32:21.149485 [info ] [MainThread]:   maximum_bytes_billed: None
[0m12:32:21.149681 [info ] [MainThread]:   impersonate_service_account: None
[0m12:32:21.149868 [info ] [MainThread]:   job_retry_deadline_seconds: None
[0m12:32:21.150046 [info ] [MainThread]:   job_retries: 1
[0m12:32:21.150227 [info ] [MainThread]:   job_creation_timeout_seconds: None
[0m12:32:21.150405 [info ] [MainThread]:   job_execution_timeout_seconds: None
[0m12:32:21.150579 [info ] [MainThread]:   timeout_seconds: None
[0m12:32:21.150770 [info ] [MainThread]:   client_id: None
[0m12:32:21.150989 [info ] [MainThread]:   token_uri: None
[0m12:32:21.151225 [info ] [MainThread]:   compute_region: None
[0m12:32:21.151441 [info ] [MainThread]:   dataproc_cluster_name: None
[0m12:32:21.151675 [info ] [MainThread]:   gcs_bucket: None
[0m12:32:21.151902 [info ] [MainThread]:   dataproc_batch: None
[0m12:32:21.152359 [info ] [MainThread]: Registered adapter: bigquery=1.10.3
[0m12:32:21.335736 [debug] [MainThread]: Acquiring new bigquery connection 'debug'
[0m12:32:21.338055 [debug] [MainThread]: On debug: select 1 as id
[0m12:32:21.338462 [debug] [MainThread]: Opening a new connection, currently in state init
[0m12:32:22.372103 [debug] [MainThread]: BigQuery adapter: https://console.cloud.google.com/bigquery?project=intrepid-nova-477712-i7&j=bq:US:b8d76e2e-cb08-4d41-8948-f20db3c83b19&page=queryresults
[0m12:32:23.131246 [info ] [MainThread]:   Connection test: [[32mOK connection ok[0m]

[0m12:32:23.132274 [info ] [MainThread]: [31m1 check failed:[0m
[0m12:32:23.132806 [info ] [MainThread]: Project loading failed for the following reason:
 project path </root/.dbt/dbt_project.yml> not found

[0m12:32:23.135462 [debug] [MainThread]: Resource report: {"command_name": "debug", "command_success": false, "command_wall_clock_time": 4.689052, "process_in_blocks": "365416", "process_kernel_time": 0.531494, "process_mem_max_rss": "345476", "process_out_blocks": "1565", "process_user_time": 3.57764}
[0m12:32:23.136162 [debug] [MainThread]: Command `dbt debug` failed at 12:32:23.136048 after 4.69 seconds
[0m12:32:23.136566 [debug] [MainThread]: Connection 'debug' was properly closed.
[0m12:32:23.137034 [debug] [MainThread]: Sending event: {'category': 'dbt', 'action': 'invocation', 'label': 'end', 'context': [<snowplow_tracker.self_describing_json.SelfDescribingJson object at 0xffff936839a0>, <snowplow_tracker.self_describing_json.SelfDescribingJson object at 0xffff92c58dc0>, <snowplow_tracker.self_describing_json.SelfDescribingJson object at 0xffff6e09f880>]}
[0m12:32:23.137673 [debug] [MainThread]: Flushing usage events
[0m12:32:24.550000 [debug] [MainThread]: An error was encountered while trying to flush usage events
[0m12:33:03.345686 [debug] [MainThread]: Sending event: {'category': 'dbt', 'action': 'invocation', 'label': 'start', 'context': [<snowplow_tracker.self_describing_json.SelfDescribingJson object at 0xffff980bf760>, <snowplow_tracker.self_describing_json.SelfDescribingJson object at 0xffff96e44370>, <snowplow_tracker.self_describing_json.SelfDescribingJson object at 0xffff96e44310>]}


============================== 12:33:03.348726 | 735cd770-ec29-40bb-b807-f629ed8c8a7e ==============================
[0m12:33:03.348726 [info ] [MainThread]: Running with dbt=1.11.0-b4
[0m12:33:03.349411 [debug] [MainThread]: running dbt with arguments {'debug': 'False', 'use_colors': 'True', 'version_check': 'True', 'no_print': 'None', 'cache_selected_only': 'False', 'log_cache_events': 'False', 'target_path': 'None', 'profiles_dir': '/root/.dbt', 'printer_width': '80', 'fail_fast': 'False', 'empty': 'None', 'warn_error': 'None', 'introspect': 'True', 'quiet': 'False', 'indirect_selection': 'eager', 'invocation_command': 'dbt debug', 'log_path': 'logs', 'static_parser': 'True', 'write_json': 'True', 'partial_parse': 'True', 'log_format': 'default', 'warn_error_options': 'WarnErrorOptionsV2(error=[], warn=[], silence=[])', 'use_experimental_parser': 'False', 'send_anonymous_usage_stats': 'True'}
[0m12:33:03.356206 [info ] [MainThread]: dbt version: 1.11.0-b4
[0m12:33:03.356540 [info ] [MainThread]: python version: 3.10.19
[0m12:33:03.356796 [info ] [MainThread]: python path: /usr/local/bin/python3.10
[0m12:33:03.357111 [info ] [MainThread]: os info: Linux-6.12.54-linuxkit-aarch64-with-glibc2.41
[0m12:33:04.858171 [info ] [MainThread]: Using profiles dir at /root/.dbt
[0m12:33:04.858789 [info ] [MainThread]: Using profiles.yml file at /root/.dbt/profiles.yml
[0m12:33:04.859160 [info ] [MainThread]: Using dbt_project.yml file at /root/.dbt/dbt_project.yml
[0m12:33:04.859646 [info ] [MainThread]: adapter type: bigquery
[0m12:33:04.859959 [info ] [MainThread]: adapter version: 1.10.3
[0m12:33:04.860431 [info ] [MainThread]: Configuration:
[0m12:33:04.860714 [info ] [MainThread]:   profiles.yml file [[32mOK found and valid[0m]
[0m12:33:04.861001 [info ] [MainThread]:   dbt_project.yml file [[31mERROR not found[0m]
[0m12:33:04.861274 [info ] [MainThread]: Required dependencies:
[0m12:33:04.861610 [debug] [MainThread]: Executing "git --help"
[0m12:33:04.863843 [debug] [MainThread]: STDOUT: "b"usage: git [-v | --version] [-h | --help] [-C <path>] [-c <name>=<value>]\n           [--exec-path[=<path>]] [--html-path] [--man-path] [--info-path]\n           [-p | --paginate | -P | --no-pager] [--no-replace-objects] [--no-lazy-fetch]\n           [--no-optional-locks] [--no-advice] [--bare] [--git-dir=<path>]\n           [--work-tree=<path>] [--namespace=<name>] [--config-env=<name>=<envvar>]\n           <command> [<args>]\n\nThese are common Git commands used in various situations:\n\nstart a working area (see also: git help tutorial)\n   clone     Clone a repository into a new directory\n   init      Create an empty Git repository or reinitialize an existing one\n\nwork on the current change (see also: git help everyday)\n   add       Add file contents to the index\n   mv        Move or rename a file, a directory, or a symlink\n   restore   Restore working tree files\n   rm        Remove files from the working tree and from the index\n\nexamine the history and state (see also: git help revisions)\n   bisect    Use binary search to find the commit that introduced a bug\n   diff      Show changes between commits, commit and working tree, etc\n   grep      Print lines matching a pattern\n   log       Show commit logs\n   show      Show various types of objects\n   status    Show the working tree status\n\ngrow, mark and tweak your common history\n   branch    List, create, or delete branches\n   commit    Record changes to the repository\n   merge     Join two or more development histories together\n   rebase    Reapply commits on top of another base tip\n   reset     Reset current HEAD to the specified state\n   switch    Switch branches\n   tag       Create, list, delete or verify a tag object signed with GPG\n\ncollaborate (see also: git help workflows)\n   fetch     Download objects and refs from another repository\n   pull      Fetch from and integrate with another repository or a local branch\n   push      Update remote refs along with associated objects\n\n'git help -a' and 'git help -g' list available subcommands and some\nconcept guides. See 'git help <command>' or 'git help <concept>'\nto read about a specific subcommand or concept.\nSee 'git help git' for an overview of the system.\n""
[0m12:33:04.864338 [debug] [MainThread]: STDERR: "b''"
[0m12:33:04.864703 [info ] [MainThread]:  - git [[32mOK found[0m]

[0m12:33:04.865094 [info ] [MainThread]: Connection:
[0m12:33:04.865417 [info ] [MainThread]:   method: service-account
[0m12:33:04.865956 [info ] [MainThread]:   database: intrepid-nova-477712-i7
[0m12:33:04.866853 [info ] [MainThread]:   execution_project: intrepid-nova-477712-i7
[0m12:33:04.867441 [info ] [MainThread]:   schema: my_dbt_project
[0m12:33:04.867787 [info ] [MainThread]:   location: None
[0m12:33:04.868073 [info ] [MainThread]:   priority: None
[0m12:33:04.868320 [info ] [MainThread]:   maximum_bytes_billed: None
[0m12:33:04.868569 [info ] [MainThread]:   impersonate_service_account: None
[0m12:33:04.868772 [info ] [MainThread]:   job_retry_deadline_seconds: None
[0m12:33:04.868992 [info ] [MainThread]:   job_retries: 1
[0m12:33:04.869218 [info ] [MainThread]:   job_creation_timeout_seconds: None
[0m12:33:04.869488 [info ] [MainThread]:   job_execution_timeout_seconds: None
[0m12:33:04.869754 [info ] [MainThread]:   timeout_seconds: None
[0m12:33:04.870035 [info ] [MainThread]:   client_id: None
[0m12:33:04.870351 [info ] [MainThread]:   token_uri: None
[0m12:33:04.870580 [info ] [MainThread]:   compute_region: None
[0m12:33:04.870797 [info ] [MainThread]:   dataproc_cluster_name: None
[0m12:33:04.871001 [info ] [MainThread]:   gcs_bucket: None
[0m12:33:04.871191 [info ] [MainThread]:   dataproc_batch: None
[0m12:33:04.871578 [info ] [MainThread]: Registered adapter: bigquery=1.10.3
[0m12:33:04.979302 [debug] [MainThread]: Acquiring new bigquery connection 'debug'
[0m12:33:04.979768 [debug] [MainThread]: On debug: select 1 as id
[0m12:33:04.980049 [debug] [MainThread]: Opening a new connection, currently in state init
[0m12:33:06.025456 [debug] [MainThread]: BigQuery adapter: https://console.cloud.google.com/bigquery?project=intrepid-nova-477712-i7&j=bq:US:f7b0d306-d2a2-47b5-9d2b-a2254903b82b&page=queryresults
[0m12:33:06.745734 [info ] [MainThread]:   Connection test: [[32mOK connection ok[0m]

[0m12:33:06.746551 [info ] [MainThread]: [31m1 check failed:[0m
[0m12:33:06.746908 [info ] [MainThread]: Project loading failed for the following reason:
 project path </root/.dbt/dbt_project.yml> not found

[0m12:33:06.747910 [debug] [MainThread]: Resource report: {"command_name": "debug", "command_success": false, "command_wall_clock_time": 3.4390545, "process_in_blocks": "0", "process_kernel_time": 0.283544, "process_mem_max_rss": "345844", "process_out_blocks": "13", "process_user_time": 2.983821}
[0m12:33:06.748490 [debug] [MainThread]: Command `dbt debug` failed at 12:33:06.748347 after 3.44 seconds
[0m12:33:06.749043 [debug] [MainThread]: Connection 'debug' was properly closed.
[0m12:33:06.749532 [debug] [MainThread]: Sending event: {'category': 'dbt', 'action': 'invocation', 'label': 'end', 'context': [<snowplow_tracker.self_describing_json.SelfDescribingJson object at 0xffff980bf760>, <snowplow_tracker.self_describing_json.SelfDescribingJson object at 0xffff72a61360>, <snowplow_tracker.self_describing_json.SelfDescribingJson object at 0xffff72a633d0>]}
[0m12:33:06.749954 [debug] [MainThread]: Flushing usage events
[0m12:33:07.674283 [debug] [MainThread]: An error was encountered while trying to flush usage events
